hip_4.2 {
	global:
		__hipInitModule;
		__hipRegisterFatBinary;
		__hipRegisterFatBinaryEnd;
		__hipUnregisterFatBinary;
		__hipRegisterFunction;
		__hipRegisterVar;
		__hipRegisterManagedVar;
		__hipPushCallConfiguration;
		__hipGetKernel;
		__hipPopCallConfiguration;
		__hipLaunchKernel;
		hipGetDevice;
		hipSetDevice;
		hipGetLastError;
		hipGetErrorString;
		hipGetDeviceCount;
		hipGetDeviceProperties;
		hipGetDeviceProperties_v2;
		hipDeviceGetAttribute;
		hipDeviceDisablePeerAccess;
		hipDeviceCanAccessPeer;
		hipDeviceGetP2PAttribute;
		hipDeviceSetLimit;
		hipDeviceSynchronize;
		hipMalloc;
		hipMallocManaged;
		hipFree;
		hipMemcpy;
		hipMemcpy2DAsync;
		hipMemset;
		hipMemsetAsync;
		hipMemset2DAsync;
		hipMemAdvise;
		hipMemAdvise_v2;
		hipStreamCreate;
		hipStreamDestroy;
		hipStreamSynchronize;
		hipLaunchKernel;
		hipLaunchCooperativeKernel;
		hipEventCreate;
		hipEventCreateWithFlags;
		hipEventDestroy;
		hipEventElapsedTime;
		hipEventQuery;
		hipEventRecord;
		hipEventRecordWithFlags;
		hipEventSynchronize;
	local:
		*;
};

hip_4.3 {
	global:
		hipStreamIsCapturing;
};

hip_5.1 {
	global:
		hipMallocAsync;
};

hip_5.3 {
};
