hip_4.2 {
	global:
		__hipInitModule;
		__hipRegisterFatBinary;
		__hipRegisterFatBinaryEnd;
		__hipUnregisterFatBinary;
		__hipRegisterFunction;
		__hipRegisterVar;
		__hipRegisterManagedVar;
		__hipPushCallConfiguration;
		__hipGetKernel;
		__hipPopCallConfiguration;
		__hipLaunchKernel;
		hipGetDevice;
		hipSetDevice;
		hipPeekAtLastError;
		hipGetLastError;
		hipGetErrorString;
		hipGetErrorName;
		hipGetDeviceCount;
		hipGetDeviceProperties;
		hipGetDeviceProperties_v2;
		hipDeviceGetAttribute;
		hipDeviceDisablePeerAccess;
		hipDeviceCanAccessPeer;
		hipDeviceGetP2PAttribute;
		hipDeviceSetLimit;
		hipDeviceSynchronize;
		hipMalloc;
		hipMallocManaged;
		hipFree;
		hipMemcpy;
		hipMemcpyAsync;
		hipMemcpy2DAsync;
		hipMemcpyWithStream;
		hipMemcpyFromSymbol;
		hipMemcpyPeer;
		hipMemcpyPeerAsync;
		hipMemset;
		hipMemsetAsync;
		hipMemset2DAsync;
		hipMemAdvise;
		hipMemAdvise_v2;
		hipStreamCreate;
		hipStreamDestroy;
		hipStreamSynchronize;
		hipGetStreamDeviceId;
		hipLaunchKernel;
		hipLaunchCooperativeKernel;
		hipEventCreate;
		hipEventCreateWithFlags;
		hipEventDestroy;
		hipEventElapsedTime;
		hipEventQuery;
		hipEventRecord;
		hipEventRecordWithFlags;
		hipEventSynchronize;
		hiprtcDestroyProgram;
		hiprtcGetCode;
		hiprtcCompileProgram;
		hiprtcGetProgramLog;
		hiprtcCreateProgram;
		hiprtcGetProgramLogSize;
		hipModuleLoad;
		hipModuleUnload;
		hipModuleLaunchKernel;
		hipModuleGetFunction;
	local:
		*;
};

hip_4.3 {
	global:
		hipStreamIsCapturing;
};

hip_5.1 {
	global:
		hipMallocAsync;
		hipFreeAsync;
};

hip_5.3 {
};

hip_6.0 {
	global:
		hipGetDevicePropertiesR0600;
};
