libcudart.so.12 {
	global:
		__cudaInitModule;
		__cudaRegisterFatBinary;
		__cudaRegisterFatBinaryEnd;
		__cudaUnregisterFatBinary;
		__cudaRegisterFunction;
		__cudaRegisterVar;
		__cudaRegisterManagedVar;
		__cudaPushCallConfiguration;
		__cudaGetKernel;
		__cudaPopCallConfiguration;
		__cudaLaunchKernel;
		cudaGetDevice;
		cudaSetDevice;
		cudaPeekAtLastError;
		cudaGetLastError;
		cudaGetErrorString;
		cudaGetErrorName;
		cudaGetDeviceCount;
		cudaGetDeviceProperties;
		cudaGetDeviceProperties_v2;
		cudaDeviceGetAttribute;
		cudaDeviceDisablePeerAccess;
		cudaDeviceCanAccessPeer;
		cudaDeviceGetP2PAttribute;
		cudaDeviceSetLimit;
		cudaDeviceSynchronize;
		cudaMalloc;
		cudaMallocManaged;
		cudaMallocAsync;
		cudaFree;
		cudaFreeAsync;
		cudaMemcpy;
		cudaMemcpyAsync;
		cudaMemcpy2D;
		cudaMemcpy2DAsync;
		cudaMemcpyFromSymbol;
		cudaMemcpyPeer;
		cudaMemcpyPeerAsync;
		cudaMemset;
		cudaMemsetAsync;
		cudaMemset2DAsync;
		cudaMemAdvise;
		cudaMemAdvise_v2;
		cudaStreamCreate;
		cudaStreamDestroy;
		cudaStreamSynchronize;
		cudaStreamIsCapturing;
		cudaLaunchKernel;
		cudaLaunchCooperativeKernel;
		cudaEventCreate;
		cudaEventCreateWithFlags;
		cudaEventDestroy;
		cudaEventElapsedTime;
		cudaEventQuery;
		cudaEventRecord;
		cudaEventRecordWithFlags;
		cudaEventSynchronize;
		nvrtcDestroyProgram;
		nvrtcCompileProgram;
		nvrtcGetProgramLog;
		nvrtcCreateProgram;
		nvrtcGetProgramLogSize;
	local:
		*;
};

libcudart.so.13 {
} libcudart.so.12;
